fsl_clock.h:421:20:CLOCK_EnableClock	24	static
fsl_port.h:243:20:PORT_SetPinConfig	32	static
fsl_port.h:346:20:PORT_SetPinMux	24	static
pin_mux.c:103:6:BOARD_InitBootPins	8	static
pin_mux.c:125:6:BOARD_InitPins	8	static
pin_mux.c:151:6:BOARD_InitLEDsPins	32	static
pin_mux.c:239:6:BOARD_InitButtonsPins	24	static
pin_mux.c:307:6:BOARD_InitTSIPins	16	static
pin_mux.c:386:6:BOARD_InitUSBPins	8	static
pin_mux.c:452:6:BOARD_InitACCEL_I2CPins	16	static
pin_mux.c:538:6:BOARD_InitMAGNET_I2CPins	24	static
pin_mux.c:615:6:BOARD_InitDEBUG_UARTPins	16	static
pin_mux.c:677:6:BOARD_InitTHERPins	16	static
pin_mux.c:753:6:BOARD_InitOSCPins	8	static
